../Core/Src/Multimetro.c:174:6:UART_mostrar_menu	392	static
../Core/Src/Multimetro.c:348:6:Multimetro_activar	8	static
../Core/Src/Multimetro.c:459:6:HAL_TIM_PeriodElapsedCallback	16	static
../Core/Src/Multimetro.c:465:6:HAL_GPIO_EXTI_Callback	16	static
../Core/Src/Multimetro.c:473:6:HAL_UART_RxCpltCallback	16	static
../Core/Src/Multimetro.c:477:5:procesar_comando	4	static
../Core/Src/Multimetro.c:509:11:FSM_General	32	static
../Core/Src/Multimetro.c:730:6:Multimetro_procesar	8	static
../Core/Src/Multimetro.c:771:6:configurar_carga	24	static
../Core/Src/Multimetro.c:806:6:configurar_descarga	24	static
../Core/Src/Multimetro.c:827:6:configurar_resistencia330	8	static
../Core/Src/Multimetro.c:831:10:ADC_muestrear	24	static
../Core/Src/Multimetro.c:848:6:set_resistencia	32	static
../Core/Src/Multimetro.c:924:13:ObtenerUnidadEnString	4	static
